--------------------------------------------------------------------------------
Release 14.7 Trace  (lin64)
Copyright (c) 1995-2013 Xilinx, Inc.  All rights reserved.

/home/carioca/opt/14.7/ISE_DS/ISE/bin/lin64/unwrapped/trce -intstyle ise -v 3
-s 3 -n 3 -fastpaths -xml DECSTAGE.twx DECSTAGE.ncd -o DECSTAGE.twr
DECSTAGE.pcf

Design file:              DECSTAGE.ncd
Physical constraint file: DECSTAGE.pcf
Device,package,speed:     xc7a100t,csg324,C,-3 (PRODUCTION 1.10 2013-10-13)
Report level:             verbose report

Environment Variable      Effect 
--------------------      ------ 
NONE                      No environment variables were set
--------------------------------------------------------------------------------

INFO:Timing:2698 - No timing constraints found, doing default enumeration.
INFO:Timing:3412 - To improve timing, see the Timing Closure User Guide (UG612).
INFO:Timing:2752 - To get complete path coverage, use the unconstrained paths 
   option. All paths that are not constrained will be reported in the 
   unconstrained paths section(s) of the report.
INFO:Timing:3339 - The clock-to-out numbers in this timing report are based on 
   a 50 Ohm transmission line loading model.  For the details of this model, 
   and for more information on accounting for different loading conditions, 
   please see the device datasheet.



Data Sheet report:
-----------------
All values displayed in nanoseconds (ns)

Setup/Hold to clock Clk
-------------+------------+------------+------------+------------+------------------+--------+
             |Max Setup to|  Process   |Max Hold to |  Process   |                  | Clock  |
Source       | clk (edge) |   Corner   | clk (edge) |   Corner   |Internal Clock(s) | Phase  |
-------------+------------+------------+------------+------------+------------------+--------+
ALU_out<0>   |    1.880(R)|      SLOW  |    0.469(R)|      SLOW  |Clk_BUFGP         |   0.000|
ALU_out<1>   |    0.975(R)|      FAST  |    1.103(R)|      SLOW  |Clk_BUFGP         |   0.000|
ALU_out<2>   |    1.007(R)|      FAST  |    1.080(R)|      SLOW  |Clk_BUFGP         |   0.000|
ALU_out<3>   |    1.207(R)|      FAST  |    1.739(R)|      SLOW  |Clk_BUFGP         |   0.000|
ALU_out<4>   |    0.795(R)|      FAST  |    1.248(R)|      SLOW  |Clk_BUFGP         |   0.000|
ALU_out<5>   |    0.932(R)|      FAST  |    1.187(R)|      SLOW  |Clk_BUFGP         |   0.000|
ALU_out<6>   |    0.786(R)|      FAST  |    1.385(R)|      SLOW  |Clk_BUFGP         |   0.000|
ALU_out<7>   |    1.035(R)|      FAST  |    1.326(R)|      SLOW  |Clk_BUFGP         |   0.000|
ALU_out<8>   |    1.324(R)|      FAST  |    0.694(R)|      SLOW  |Clk_BUFGP         |   0.000|
ALU_out<9>   |    1.247(R)|      FAST  |    0.973(R)|      SLOW  |Clk_BUFGP         |   0.000|
ALU_out<10>  |    0.877(R)|      FAST  |    1.531(R)|      SLOW  |Clk_BUFGP         |   0.000|
ALU_out<11>  |    1.201(R)|      FAST  |    0.986(R)|      SLOW  |Clk_BUFGP         |   0.000|
ALU_out<12>  |    1.216(R)|      FAST  |    1.430(R)|      SLOW  |Clk_BUFGP         |   0.000|
ALU_out<13>  |    1.481(R)|      FAST  |    1.042(R)|      SLOW  |Clk_BUFGP         |   0.000|
ALU_out<14>  |    1.311(R)|      FAST  |    1.822(R)|      SLOW  |Clk_BUFGP         |   0.000|
ALU_out<15>  |    1.665(R)|      FAST  |    0.923(R)|      SLOW  |Clk_BUFGP         |   0.000|
ALU_out<16>  |    1.406(R)|      FAST  |    1.502(R)|      SLOW  |Clk_BUFGP         |   0.000|
ALU_out<17>  |    2.477(R)|      SLOW  |    0.985(R)|      SLOW  |Clk_BUFGP         |   0.000|
ALU_out<18>  |    1.644(R)|      SLOW  |    1.352(R)|      SLOW  |Clk_BUFGP         |   0.000|
ALU_out<19>  |    1.357(R)|      FAST  |    1.326(R)|      SLOW  |Clk_BUFGP         |   0.000|
ALU_out<20>  |    0.358(R)|      FAST  |    2.061(R)|      SLOW  |Clk_BUFGP         |   0.000|
ALU_out<21>  |    0.712(R)|      FAST  |    1.780(R)|      SLOW  |Clk_BUFGP         |   0.000|
ALU_out<22>  |    0.595(R)|      FAST  |    1.674(R)|      SLOW  |Clk_BUFGP         |   0.000|
ALU_out<23>  |    1.065(R)|      FAST  |    1.402(R)|      SLOW  |Clk_BUFGP         |   0.000|
ALU_out<24>  |    1.479(R)|      FAST  |    0.561(R)|      SLOW  |Clk_BUFGP         |   0.000|
ALU_out<25>  |    1.113(R)|      FAST  |    1.754(R)|      SLOW  |Clk_BUFGP         |   0.000|
ALU_out<26>  |    0.943(R)|      FAST  |    1.558(R)|      SLOW  |Clk_BUFGP         |   0.000|
ALU_out<27>  |    1.762(R)|      FAST  |    0.507(R)|      SLOW  |Clk_BUFGP         |   0.000|
ALU_out<28>  |    1.836(R)|      SLOW  |    1.191(R)|      SLOW  |Clk_BUFGP         |   0.000|
ALU_out<29>  |    1.424(R)|      FAST  |    1.310(R)|      SLOW  |Clk_BUFGP         |   0.000|
ALU_out<30>  |    1.332(R)|      FAST  |    1.345(R)|      SLOW  |Clk_BUFGP         |   0.000|
ALU_out<31>  |    1.570(R)|      SLOW  |    1.022(R)|      SLOW  |Clk_BUFGP         |   0.000|
Instr<16>    |    1.881(R)|      SLOW  |    1.030(R)|      SLOW  |Clk_BUFGP         |   0.000|
Instr<17>    |    1.746(R)|      SLOW  |    1.083(R)|      SLOW  |Clk_BUFGP         |   0.000|
Instr<18>    |    2.098(R)|      SLOW  |    0.471(R)|      SLOW  |Clk_BUFGP         |   0.000|
Instr<19>    |    2.074(R)|      SLOW  |    0.737(R)|      SLOW  |Clk_BUFGP         |   0.000|
Instr<20>    |    1.864(R)|      SLOW  |    0.944(R)|      SLOW  |Clk_BUFGP         |   0.000|
MEM_out<0>   |    1.893(R)|      SLOW  |    0.450(R)|      SLOW  |Clk_BUFGP         |   0.000|
MEM_out<1>   |    0.946(R)|      FAST  |    1.104(R)|      SLOW  |Clk_BUFGP         |   0.000|
MEM_out<2>   |    1.062(R)|      FAST  |    1.082(R)|      SLOW  |Clk_BUFGP         |   0.000|
MEM_out<3>   |    1.274(R)|      FAST  |    1.589(R)|      SLOW  |Clk_BUFGP         |   0.000|
MEM_out<4>   |    0.817(R)|      FAST  |    1.274(R)|      SLOW  |Clk_BUFGP         |   0.000|
MEM_out<5>   |    0.988(R)|      FAST  |    1.064(R)|      SLOW  |Clk_BUFGP         |   0.000|
MEM_out<6>   |    0.487(R)|      FAST  |    1.829(R)|      SLOW  |Clk_BUFGP         |   0.000|
MEM_out<7>   |    0.667(R)|      FAST  |    1.821(R)|      SLOW  |Clk_BUFGP         |   0.000|
MEM_out<8>   |    1.114(R)|      FAST  |    0.891(R)|      SLOW  |Clk_BUFGP         |   0.000|
MEM_out<9>   |    1.189(R)|      FAST  |    1.039(R)|      SLOW  |Clk_BUFGP         |   0.000|
MEM_out<10>  |    0.973(R)|      FAST  |    1.493(R)|      SLOW  |Clk_BUFGP         |   0.000|
MEM_out<11>  |    1.152(R)|      FAST  |    0.956(R)|      SLOW  |Clk_BUFGP         |   0.000|
MEM_out<12>  |    0.954(R)|      FAST  |    1.749(R)|      SLOW  |Clk_BUFGP         |   0.000|
MEM_out<13>  |    1.386(R)|      FAST  |    1.062(R)|      SLOW  |Clk_BUFGP         |   0.000|
MEM_out<14>  |    1.601(R)|      FAST  |    1.310(R)|      SLOW  |Clk_BUFGP         |   0.000|
MEM_out<15>  |    1.583(R)|      SLOW  |    0.969(R)|      SLOW  |Clk_BUFGP         |   0.000|
MEM_out<16>  |    1.571(R)|      FAST  |    1.345(R)|      SLOW  |Clk_BUFGP         |   0.000|
MEM_out<17>  |    2.104(R)|      SLOW  |    1.412(R)|      SLOW  |Clk_BUFGP         |   0.000|
MEM_out<18>  |    1.587(R)|      SLOW  |    1.399(R)|      SLOW  |Clk_BUFGP         |   0.000|
MEM_out<19>  |    1.992(R)|      SLOW  |    0.646(R)|      SLOW  |Clk_BUFGP         |   0.000|
MEM_out<20>  |    0.481(R)|      FAST  |    1.862(R)|      SLOW  |Clk_BUFGP         |   0.000|
MEM_out<21>  |    0.644(R)|      FAST  |    1.846(R)|      SLOW  |Clk_BUFGP         |   0.000|
MEM_out<22>  |    0.410(R)|      FAST  |    1.932(R)|      SLOW  |Clk_BUFGP         |   0.000|
MEM_out<23>  |    0.663(R)|      FAST  |    1.996(R)|      SLOW  |Clk_BUFGP         |   0.000|
MEM_out<24>  |    1.201(R)|      FAST  |    0.906(R)|      SLOW  |Clk_BUFGP         |   0.000|
MEM_out<25>  |    1.047(R)|      FAST  |    1.859(R)|      SLOW  |Clk_BUFGP         |   0.000|
MEM_out<26>  |    0.908(R)|      FAST  |    1.614(R)|      SLOW  |Clk_BUFGP         |   0.000|
MEM_out<27>  |    1.737(R)|      FAST  |    0.531(R)|      SLOW  |Clk_BUFGP         |   0.000|
MEM_out<28>  |    1.417(R)|      FAST  |    1.704(R)|      SLOW  |Clk_BUFGP         |   0.000|
MEM_out<29>  |    1.250(R)|      FAST  |    1.532(R)|      SLOW  |Clk_BUFGP         |   0.000|
MEM_out<30>  |    1.317(R)|      FAST  |    1.337(R)|      SLOW  |Clk_BUFGP         |   0.000|
MEM_out<31>  |    1.251(R)|      FAST  |    1.442(R)|      SLOW  |Clk_BUFGP         |   0.000|
RF_WrData_sel|    2.461(R)|      SLOW  |    1.525(R)|      SLOW  |Clk_BUFGP         |   0.000|
-------------+------------+------------+------------+------------+------------------+--------+

Clock Clk to Pad
------------+-----------------+------------+-----------------+------------+------------------+--------+
            |Max (slowest) clk|  Process   |Min (fastest) clk|  Process   |                  | Clock  |
Destination |  (edge) to PAD  |   Corner   |  (edge) to PAD  |   Corner   |Internal Clock(s) | Phase  |
------------+-----------------+------------+-----------------+------------+------------------+--------+
RF_A<0>     |        10.647(R)|      SLOW  |         4.081(R)|      FAST  |Clk_BUFGP         |   0.000|
RF_A<1>     |        10.955(R)|      SLOW  |         4.330(R)|      FAST  |Clk_BUFGP         |   0.000|
RF_A<2>     |        11.181(R)|      SLOW  |         4.350(R)|      FAST  |Clk_BUFGP         |   0.000|
RF_A<3>     |        11.249(R)|      SLOW  |         4.593(R)|      FAST  |Clk_BUFGP         |   0.000|
RF_A<4>     |        11.586(R)|      SLOW  |         4.494(R)|      FAST  |Clk_BUFGP         |   0.000|
RF_A<5>     |        11.494(R)|      SLOW  |         4.420(R)|      FAST  |Clk_BUFGP         |   0.000|
RF_A<6>     |        11.582(R)|      SLOW  |         4.448(R)|      FAST  |Clk_BUFGP         |   0.000|
RF_A<7>     |        11.072(R)|      SLOW  |         4.229(R)|      FAST  |Clk_BUFGP         |   0.000|
RF_A<8>     |        11.625(R)|      SLOW  |         4.578(R)|      FAST  |Clk_BUFGP         |   0.000|
RF_A<9>     |        11.592(R)|      SLOW  |         4.453(R)|      FAST  |Clk_BUFGP         |   0.000|
RF_A<10>    |        11.605(R)|      SLOW  |         4.493(R)|      FAST  |Clk_BUFGP         |   0.000|
RF_A<11>    |        11.390(R)|      SLOW  |         4.515(R)|      FAST  |Clk_BUFGP         |   0.000|
RF_A<12>    |        11.422(R)|      SLOW  |         4.410(R)|      FAST  |Clk_BUFGP         |   0.000|
RF_A<13>    |        11.336(R)|      SLOW  |         4.385(R)|      FAST  |Clk_BUFGP         |   0.000|
RF_A<14>    |        11.472(R)|      SLOW  |         4.447(R)|      FAST  |Clk_BUFGP         |   0.000|
RF_A<15>    |        12.173(R)|      SLOW  |         4.986(R)|      FAST  |Clk_BUFGP         |   0.000|
RF_A<16>    |        11.909(R)|      SLOW  |         4.750(R)|      FAST  |Clk_BUFGP         |   0.000|
RF_A<17>    |        11.830(R)|      SLOW  |         4.757(R)|      FAST  |Clk_BUFGP         |   0.000|
RF_A<18>    |        11.471(R)|      SLOW  |         4.659(R)|      FAST  |Clk_BUFGP         |   0.000|
RF_A<19>    |        12.265(R)|      SLOW  |         4.895(R)|      FAST  |Clk_BUFGP         |   0.000|
RF_A<20>    |        11.187(R)|      SLOW  |         4.512(R)|      FAST  |Clk_BUFGP         |   0.000|
RF_A<21>    |        11.794(R)|      SLOW  |         4.537(R)|      FAST  |Clk_BUFGP         |   0.000|
RF_A<22>    |        11.107(R)|      SLOW  |         4.387(R)|      FAST  |Clk_BUFGP         |   0.000|
RF_A<23>    |        11.921(R)|      SLOW  |         4.722(R)|      FAST  |Clk_BUFGP         |   0.000|
RF_A<24>    |        11.186(R)|      SLOW  |         4.410(R)|      FAST  |Clk_BUFGP         |   0.000|
RF_A<25>    |        11.488(R)|      SLOW  |         4.487(R)|      FAST  |Clk_BUFGP         |   0.000|
RF_A<26>    |        11.423(R)|      SLOW  |         4.504(R)|      FAST  |Clk_BUFGP         |   0.000|
RF_A<27>    |        11.392(R)|      SLOW  |         4.588(R)|      FAST  |Clk_BUFGP         |   0.000|
RF_A<28>    |        11.468(R)|      SLOW  |         4.594(R)|      FAST  |Clk_BUFGP         |   0.000|
RF_A<29>    |        11.529(R)|      SLOW  |         4.538(R)|      FAST  |Clk_BUFGP         |   0.000|
RF_A<30>    |        11.532(R)|      SLOW  |         4.555(R)|      FAST  |Clk_BUFGP         |   0.000|
RF_A<31>    |        11.505(R)|      SLOW  |         4.635(R)|      FAST  |Clk_BUFGP         |   0.000|
RF_B<0>     |        10.991(R)|      SLOW  |         4.282(R)|      FAST  |Clk_BUFGP         |   0.000|
RF_B<1>     |        11.048(R)|      SLOW  |         4.301(R)|      FAST  |Clk_BUFGP         |   0.000|
RF_B<2>     |        10.960(R)|      SLOW  |         4.343(R)|      FAST  |Clk_BUFGP         |   0.000|
RF_B<3>     |        11.010(R)|      SLOW  |         4.316(R)|      FAST  |Clk_BUFGP         |   0.000|
RF_B<4>     |        11.377(R)|      SLOW  |         4.355(R)|      FAST  |Clk_BUFGP         |   0.000|
RF_B<5>     |        11.270(R)|      SLOW  |         4.379(R)|      FAST  |Clk_BUFGP         |   0.000|
RF_B<6>     |        10.977(R)|      SLOW  |         4.153(R)|      FAST  |Clk_BUFGP         |   0.000|
RF_B<7>     |        11.934(R)|      SLOW  |         4.712(R)|      FAST  |Clk_BUFGP         |   0.000|
RF_B<8>     |        11.385(R)|      SLOW  |         4.445(R)|      FAST  |Clk_BUFGP         |   0.000|
RF_B<9>     |        11.390(R)|      SLOW  |         4.415(R)|      FAST  |Clk_BUFGP         |   0.000|
RF_B<10>    |        11.735(R)|      SLOW  |         4.583(R)|      FAST  |Clk_BUFGP         |   0.000|
RF_B<11>    |        11.467(R)|      SLOW  |         4.589(R)|      FAST  |Clk_BUFGP         |   0.000|
RF_B<12>    |        11.335(R)|      SLOW  |         4.485(R)|      FAST  |Clk_BUFGP         |   0.000|
RF_B<13>    |        11.634(R)|      SLOW  |         4.586(R)|      FAST  |Clk_BUFGP         |   0.000|
RF_B<14>    |        11.253(R)|      SLOW  |         4.183(R)|      FAST  |Clk_BUFGP         |   0.000|
RF_B<15>    |        11.913(R)|      SLOW  |         4.686(R)|      FAST  |Clk_BUFGP         |   0.000|
RF_B<16>    |        11.588(R)|      SLOW  |         4.656(R)|      FAST  |Clk_BUFGP         |   0.000|
RF_B<17>    |        11.381(R)|      SLOW  |         4.448(R)|      FAST  |Clk_BUFGP         |   0.000|
RF_B<18>    |        11.796(R)|      SLOW  |         4.649(R)|      FAST  |Clk_BUFGP         |   0.000|
RF_B<19>    |        11.669(R)|      SLOW  |         4.645(R)|      FAST  |Clk_BUFGP         |   0.000|
RF_B<20>    |        11.174(R)|      SLOW  |         4.401(R)|      FAST  |Clk_BUFGP         |   0.000|
RF_B<21>    |        11.442(R)|      SLOW  |         4.468(R)|      FAST  |Clk_BUFGP         |   0.000|
RF_B<22>    |        11.639(R)|      SLOW  |         4.583(R)|      FAST  |Clk_BUFGP         |   0.000|
RF_B<23>    |        11.365(R)|      SLOW  |         4.665(R)|      FAST  |Clk_BUFGP         |   0.000|
RF_B<24>    |        12.049(R)|      SLOW  |         4.936(R)|      FAST  |Clk_BUFGP         |   0.000|
RF_B<25>    |        11.142(R)|      SLOW  |         4.383(R)|      FAST  |Clk_BUFGP         |   0.000|
RF_B<26>    |        11.374(R)|      SLOW  |         4.334(R)|      FAST  |Clk_BUFGP         |   0.000|
RF_B<27>    |        11.568(R)|      SLOW  |         4.483(R)|      FAST  |Clk_BUFGP         |   0.000|
RF_B<28>    |        11.550(R)|      SLOW  |         4.517(R)|      FAST  |Clk_BUFGP         |   0.000|
RF_B<29>    |        11.293(R)|      SLOW  |         4.330(R)|      FAST  |Clk_BUFGP         |   0.000|
RF_B<30>    |        11.671(R)|      SLOW  |         4.615(R)|      FAST  |Clk_BUFGP         |   0.000|
RF_B<31>    |        11.489(R)|      SLOW  |         4.494(R)|      FAST  |Clk_BUFGP         |   0.000|
------------+-----------------+------------+-----------------+------------+------------------+--------+

Pad to Pad
---------------+---------------+---------+
Source Pad     |Destination Pad|  Delay  |
---------------+---------------+---------+
ImmExt<0>      |Immed<0>       |    6.593|
ImmExt<0>      |Immed<1>       |    6.555|
ImmExt<0>      |Immed<2>       |    6.816|
ImmExt<0>      |Immed<3>       |    6.549|
ImmExt<0>      |Immed<4>       |    6.601|
ImmExt<0>      |Immed<5>       |    7.048|
ImmExt<0>      |Immed<6>       |    6.668|
ImmExt<0>      |Immed<7>       |    6.873|
ImmExt<0>      |Immed<8>       |    7.066|
ImmExt<0>      |Immed<9>       |    6.485|
ImmExt<0>      |Immed<10>      |    6.990|
ImmExt<0>      |Immed<11>      |    6.599|
ImmExt<0>      |Immed<12>      |    6.750|
ImmExt<0>      |Immed<13>      |    7.059|
ImmExt<0>      |Immed<14>      |    6.480|
ImmExt<0>      |Immed<15>      |    5.921|
ImmExt<0>      |Immed<16>      |    6.656|
ImmExt<0>      |Immed<17>      |    6.716|
ImmExt<0>      |Immed<18>      |    6.922|
ImmExt<0>      |Immed<19>      |    6.781|
ImmExt<0>      |Immed<20>      |    6.936|
ImmExt<0>      |Immed<21>      |    7.127|
ImmExt<0>      |Immed<22>      |    7.022|
ImmExt<0>      |Immed<23>      |    7.060|
ImmExt<0>      |Immed<24>      |    7.276|
ImmExt<0>      |Immed<25>      |    6.893|
ImmExt<0>      |Immed<26>      |    7.330|
ImmExt<0>      |Immed<27>      |    7.200|
ImmExt<0>      |Immed<28>      |    7.485|
ImmExt<0>      |Immed<29>      |    7.777|
ImmExt<0>      |Immed<30>      |    7.204|
ImmExt<0>      |Immed<31>      |    6.259|
ImmExt<1>      |Immed<0>       |    7.254|
ImmExt<1>      |Immed<1>       |    6.876|
ImmExt<1>      |Immed<2>       |    7.017|
ImmExt<1>      |Immed<3>       |    6.944|
ImmExt<1>      |Immed<4>       |    6.840|
ImmExt<1>      |Immed<5>       |    6.982|
ImmExt<1>      |Immed<6>       |    6.595|
ImmExt<1>      |Immed<7>       |    6.795|
ImmExt<1>      |Immed<8>       |    6.996|
ImmExt<1>      |Immed<9>       |    6.841|
ImmExt<1>      |Immed<10>      |    7.342|
ImmExt<1>      |Immed<11>      |    7.151|
ImmExt<1>      |Immed<12>      |    7.152|
ImmExt<1>      |Immed<13>      |    7.306|
ImmExt<1>      |Immed<14>      |    7.230|
ImmExt<1>      |Immed<15>      |    6.123|
ImmExt<1>      |Immed<16>      |    7.315|
ImmExt<1>      |Immed<17>      |    7.043|
ImmExt<1>      |Immed<18>      |    7.133|
ImmExt<1>      |Immed<19>      |    7.168|
ImmExt<1>      |Immed<20>      |    7.171|
ImmExt<1>      |Immed<21>      |    7.065|
ImmExt<1>      |Immed<22>      |    6.953|
ImmExt<1>      |Immed<23>      |    6.994|
ImmExt<1>      |Immed<24>      |    7.210|
ImmExt<1>      |Immed<25>      |    7.241|
ImmExt<1>      |Immed<26>      |    7.670|
ImmExt<1>      |Immed<27>      |    7.748|
ImmExt<1>      |Immed<28>      |    7.877|
ImmExt<1>      |Immed<29>      |    8.020|
ImmExt<1>      |Immed<30>      |    7.950|
ImmExt<1>      |Immed<31>      |    6.457|
Instr<0>       |Immed<0>       |    7.135|
Instr<0>       |Immed<16>      |    7.189|
Instr<1>       |Immed<1>       |    6.890|
Instr<1>       |Immed<17>      |    7.042|
Instr<2>       |Immed<2>       |    6.694|
Instr<2>       |Immed<18>      |    6.804|
Instr<3>       |Immed<3>       |    6.625|
Instr<3>       |Immed<19>      |    6.851|
Instr<4>       |Immed<4>       |    6.717|
Instr<4>       |Immed<20>      |    7.064|
Instr<5>       |Immed<5>       |    7.172|
Instr<5>       |Immed<21>      |    7.263|
Instr<6>       |Immed<6>       |    6.758|
Instr<6>       |Immed<22>      |    7.124|
Instr<7>       |Immed<7>       |    6.728|
Instr<7>       |Immed<23>      |    6.919|
Instr<8>       |Immed<8>       |    7.151|
Instr<8>       |Immed<24>      |    7.371|
Instr<9>       |Immed<9>       |    7.004|
Instr<9>       |Immed<25>      |    7.396|
Instr<10>      |Immed<10>      |    7.151|
Instr<10>      |Immed<26>      |    7.475|
Instr<11>      |Immed<11>      |    6.034|
Instr<11>      |Immed<27>      |    6.641|
Instr<11>      |RF_B<0>        |   11.205|
Instr<11>      |RF_B<1>        |   11.204|
Instr<11>      |RF_B<2>        |   11.206|
Instr<11>      |RF_B<3>        |   11.072|
Instr<11>      |RF_B<4>        |   11.432|
Instr<11>      |RF_B<5>        |   11.476|
Instr<11>      |RF_B<6>        |   11.030|
Instr<11>      |RF_B<7>        |   11.882|
Instr<11>      |RF_B<8>        |   12.504|
Instr<11>      |RF_B<9>        |   11.776|
Instr<11>      |RF_B<10>       |   12.365|
Instr<11>      |RF_B<11>       |   12.521|
Instr<11>      |RF_B<12>       |   11.843|
Instr<11>      |RF_B<13>       |   12.386|
Instr<11>      |RF_B<14>       |   11.717|
Instr<11>      |RF_B<15>       |   12.242|
Instr<11>      |RF_B<16>       |   12.068|
Instr<11>      |RF_B<17>       |   11.728|
Instr<11>      |RF_B<18>       |   12.018|
Instr<11>      |RF_B<19>       |   12.081|
Instr<11>      |RF_B<20>       |   11.638|
Instr<11>      |RF_B<21>       |   11.597|
Instr<11>      |RF_B<22>       |   11.819|
Instr<11>      |RF_B<23>       |   11.819|
Instr<11>      |RF_B<24>       |   13.342|
Instr<11>      |RF_B<25>       |   12.939|
Instr<11>      |RF_B<26>       |   12.820|
Instr<11>      |RF_B<27>       |   12.377|
Instr<11>      |RF_B<28>       |   11.536|
Instr<11>      |RF_B<29>       |   11.601|
Instr<11>      |RF_B<30>       |   11.762|
Instr<11>      |RF_B<31>       |   11.341|
Instr<12>      |Immed<12>      |    6.835|
Instr<12>      |Immed<28>      |    7.572|
Instr<12>      |RF_B<0>        |   12.183|
Instr<12>      |RF_B<1>        |   12.484|
Instr<12>      |RF_B<2>        |   11.889|
Instr<12>      |RF_B<3>        |   12.261|
Instr<12>      |RF_B<4>        |   12.570|
Instr<12>      |RF_B<5>        |   12.512|
Instr<12>      |RF_B<6>        |   12.328|
Instr<12>      |RF_B<7>        |   12.947|
Instr<12>      |RF_B<8>        |   11.919|
Instr<12>      |RF_B<9>        |   11.741|
Instr<12>      |RF_B<10>       |   11.908|
Instr<12>      |RF_B<11>       |   11.793|
Instr<12>      |RF_B<12>       |   11.732|
Instr<12>      |RF_B<13>       |   12.294|
Instr<12>      |RF_B<14>       |   11.517|
Instr<12>      |RF_B<15>       |   12.483|
Instr<12>      |RF_B<16>       |   12.631|
Instr<12>      |RF_B<17>       |   12.594|
Instr<12>      |RF_B<18>       |   12.822|
Instr<12>      |RF_B<19>       |   12.724|
Instr<12>      |RF_B<20>       |   12.599|
Instr<12>      |RF_B<21>       |   12.653|
Instr<12>      |RF_B<22>       |   12.820|
Instr<12>      |RF_B<23>       |   12.249|
Instr<12>      |RF_B<24>       |   13.452|
Instr<12>      |RF_B<25>       |   13.239|
Instr<12>      |RF_B<26>       |   13.131|
Instr<12>      |RF_B<27>       |   12.511|
Instr<12>      |RF_B<28>       |   11.980|
Instr<12>      |RF_B<29>       |   11.807|
Instr<12>      |RF_B<30>       |   12.258|
Instr<12>      |RF_B<31>       |   12.329|
Instr<13>      |Immed<13>      |    7.017|
Instr<13>      |Immed<29>      |    7.747|
Instr<13>      |RF_B<0>        |    9.716|
Instr<13>      |RF_B<1>        |    9.725|
Instr<13>      |RF_B<2>        |    9.917|
Instr<13>      |RF_B<3>        |    9.778|
Instr<13>      |RF_B<4>        |   10.290|
Instr<13>      |RF_B<5>        |   10.012|
Instr<13>      |RF_B<6>        |   10.314|
Instr<13>      |RF_B<7>        |   10.977|
Instr<13>      |RF_B<8>        |    9.783|
Instr<13>      |RF_B<9>        |    9.926|
Instr<13>      |RF_B<10>       |   10.272|
Instr<13>      |RF_B<11>       |    9.610|
Instr<13>      |RF_B<12>       |    9.872|
Instr<13>      |RF_B<13>       |    9.978|
Instr<13>      |RF_B<14>       |   10.257|
Instr<13>      |RF_B<15>       |   10.095|
Instr<13>      |RF_B<16>       |   10.287|
Instr<13>      |RF_B<17>       |   10.018|
Instr<13>      |RF_B<18>       |   10.018|
Instr<13>      |RF_B<19>       |    9.989|
Instr<13>      |RF_B<20>       |   10.342|
Instr<13>      |RF_B<21>       |   10.609|
Instr<13>      |RF_B<22>       |   10.642|
Instr<13>      |RF_B<23>       |   10.258|
Instr<13>      |RF_B<24>       |   11.810|
Instr<13>      |RF_B<25>       |   10.838|
Instr<13>      |RF_B<26>       |   11.114|
Instr<13>      |RF_B<27>       |   10.581|
Instr<13>      |RF_B<28>       |    9.867|
Instr<13>      |RF_B<29>       |    9.945|
Instr<13>      |RF_B<30>       |   10.169|
Instr<13>      |RF_B<31>       |    9.633|
Instr<14>      |Immed<14>      |    7.258|
Instr<14>      |Immed<30>      |    7.974|
Instr<14>      |RF_B<0>        |    9.725|
Instr<14>      |RF_B<1>        |    9.735|
Instr<14>      |RF_B<2>        |    9.668|
Instr<14>      |RF_B<3>        |    9.665|
Instr<14>      |RF_B<4>        |   10.047|
Instr<14>      |RF_B<5>        |    9.971|
Instr<14>      |RF_B<6>        |    9.652|
Instr<14>      |RF_B<7>        |   10.827|
Instr<14>      |RF_B<8>        |   10.442|
Instr<14>      |RF_B<9>        |    9.987|
Instr<14>      |RF_B<10>       |   10.433|
Instr<14>      |RF_B<11>       |   10.467|
Instr<14>      |RF_B<12>       |    9.811|
Instr<14>      |RF_B<13>       |   10.437|
Instr<14>      |RF_B<14>       |   10.061|
Instr<14>      |RF_B<15>       |   10.180|
Instr<14>      |RF_B<16>       |   10.264|
Instr<14>      |RF_B<17>       |    9.939|
Instr<14>      |RF_B<18>       |    9.917|
Instr<14>      |RF_B<19>       |    9.738|
Instr<14>      |RF_B<20>       |   10.217|
Instr<14>      |RF_B<21>       |   10.070|
Instr<14>      |RF_B<22>       |   10.460|
Instr<14>      |RF_B<23>       |   10.221|
Instr<14>      |RF_B<24>       |   11.522|
Instr<14>      |RF_B<25>       |   10.644|
Instr<14>      |RF_B<26>       |   10.496|
Instr<14>      |RF_B<27>       |   10.872|
Instr<14>      |RF_B<28>       |    9.996|
Instr<14>      |RF_B<29>       |    9.759|
Instr<14>      |RF_B<30>       |   10.220|
Instr<14>      |RF_B<31>       |    9.970|
Instr<15>      |Immed<0>       |    7.464|
Instr<15>      |Immed<1>       |    7.318|
Instr<15>      |Immed<2>       |    7.379|
Instr<15>      |Immed<3>       |    7.326|
Instr<15>      |Immed<4>       |    6.828|
Instr<15>      |Immed<5>       |    7.445|
Instr<15>      |Immed<6>       |    7.077|
Instr<15>      |Immed<7>       |    7.290|
Instr<15>      |Immed<8>       |    7.290|
Instr<15>      |Immed<9>       |    7.211|
Instr<15>      |Immed<10>      |    7.340|
Instr<15>      |Immed<11>      |    7.588|
Instr<15>      |Immed<12>      |    7.151|
Instr<15>      |Immed<13>      |    7.481|
Instr<15>      |Immed<14>      |    7.379|
Instr<15>      |Immed<15>      |    7.183|
Instr<15>      |Immed<16>      |    7.534|
Instr<15>      |Immed<17>      |    7.477|
Instr<15>      |Immed<18>      |    7.497|
Instr<15>      |Immed<19>      |    7.543|
Instr<15>      |Immed<20>      |    7.167|
Instr<15>      |Immed<21>      |    7.534|
Instr<15>      |Immed<22>      |    7.427|
Instr<15>      |Immed<23>      |    7.473|
Instr<15>      |Immed<24>      |    7.512|
Instr<15>      |Immed<25>      |    7.617|
Instr<15>      |Immed<26>      |    7.672|
Instr<15>      |Immed<27>      |    8.181|
Instr<15>      |Immed<28>      |    7.880|
Instr<15>      |Immed<29>      |    8.210|
Instr<15>      |Immed<30>      |    8.109|
Instr<15>      |Immed<31>      |    7.513|
Instr<15>      |RF_B<0>        |   10.081|
Instr<15>      |RF_B<1>        |   10.071|
Instr<15>      |RF_B<2>        |   10.022|
Instr<15>      |RF_B<3>        |   10.127|
Instr<15>      |RF_B<4>        |   10.331|
Instr<15>      |RF_B<5>        |   10.073|
Instr<15>      |RF_B<6>        |    9.965|
Instr<15>      |RF_B<7>        |   10.867|
Instr<15>      |RF_B<8>        |   10.468|
Instr<15>      |RF_B<9>        |   10.105|
Instr<15>      |RF_B<10>       |   10.562|
Instr<15>      |RF_B<11>       |   10.390|
Instr<15>      |RF_B<12>       |   10.363|
Instr<15>      |RF_B<13>       |   10.433|
Instr<15>      |RF_B<14>       |   10.464|
Instr<15>      |RF_B<15>       |   10.559|
Instr<15>      |RF_B<16>       |   10.458|
Instr<15>      |RF_B<17>       |   10.437|
Instr<15>      |RF_B<18>       |   10.268|
Instr<15>      |RF_B<19>       |   10.404|
Instr<15>      |RF_B<20>       |   10.214|
Instr<15>      |RF_B<21>       |   10.457|
Instr<15>      |RF_B<22>       |   10.539|
Instr<15>      |RF_B<23>       |   10.242|
Instr<15>      |RF_B<24>       |   12.021|
Instr<15>      |RF_B<25>       |   10.898|
Instr<15>      |RF_B<26>       |   11.145|
Instr<15>      |RF_B<27>       |   11.182|
Instr<15>      |RF_B<28>       |   10.349|
Instr<15>      |RF_B<29>       |   10.029|
Instr<15>      |RF_B<30>       |   10.396|
Instr<15>      |RF_B<31>       |   10.072|
Instr<16>      |RF_B<0>        |   11.610|
Instr<16>      |RF_B<1>        |   11.609|
Instr<16>      |RF_B<2>        |   11.611|
Instr<16>      |RF_B<3>        |   11.477|
Instr<16>      |RF_B<4>        |   11.837|
Instr<16>      |RF_B<5>        |   11.881|
Instr<16>      |RF_B<6>        |   11.435|
Instr<16>      |RF_B<7>        |   12.287|
Instr<16>      |RF_B<8>        |   12.909|
Instr<16>      |RF_B<9>        |   12.181|
Instr<16>      |RF_B<10>       |   12.770|
Instr<16>      |RF_B<11>       |   12.926|
Instr<16>      |RF_B<12>       |   12.248|
Instr<16>      |RF_B<13>       |   12.791|
Instr<16>      |RF_B<14>       |   12.122|
Instr<16>      |RF_B<15>       |   12.647|
Instr<16>      |RF_B<16>       |   12.473|
Instr<16>      |RF_B<17>       |   12.133|
Instr<16>      |RF_B<18>       |   12.423|
Instr<16>      |RF_B<19>       |   12.486|
Instr<16>      |RF_B<20>       |   12.043|
Instr<16>      |RF_B<21>       |   12.002|
Instr<16>      |RF_B<22>       |   12.224|
Instr<16>      |RF_B<23>       |   12.224|
Instr<16>      |RF_B<24>       |   13.747|
Instr<16>      |RF_B<25>       |   13.344|
Instr<16>      |RF_B<26>       |   13.225|
Instr<16>      |RF_B<27>       |   12.782|
Instr<16>      |RF_B<28>       |   11.941|
Instr<16>      |RF_B<29>       |   12.006|
Instr<16>      |RF_B<30>       |   12.167|
Instr<16>      |RF_B<31>       |   11.746|
Instr<17>      |RF_B<0>        |   12.097|
Instr<17>      |RF_B<1>        |   12.398|
Instr<17>      |RF_B<2>        |   11.803|
Instr<17>      |RF_B<3>        |   12.175|
Instr<17>      |RF_B<4>        |   12.484|
Instr<17>      |RF_B<5>        |   12.426|
Instr<17>      |RF_B<6>        |   12.242|
Instr<17>      |RF_B<7>        |   12.861|
Instr<17>      |RF_B<8>        |   11.833|
Instr<17>      |RF_B<9>        |   11.655|
Instr<17>      |RF_B<10>       |   11.822|
Instr<17>      |RF_B<11>       |   11.707|
Instr<17>      |RF_B<12>       |   11.646|
Instr<17>      |RF_B<13>       |   12.208|
Instr<17>      |RF_B<14>       |   11.431|
Instr<17>      |RF_B<15>       |   12.397|
Instr<17>      |RF_B<16>       |   12.545|
Instr<17>      |RF_B<17>       |   12.508|
Instr<17>      |RF_B<18>       |   12.736|
Instr<17>      |RF_B<19>       |   12.638|
Instr<17>      |RF_B<20>       |   12.513|
Instr<17>      |RF_B<21>       |   12.567|
Instr<17>      |RF_B<22>       |   12.734|
Instr<17>      |RF_B<23>       |   12.163|
Instr<17>      |RF_B<24>       |   13.366|
Instr<17>      |RF_B<25>       |   13.153|
Instr<17>      |RF_B<26>       |   13.045|
Instr<17>      |RF_B<27>       |   12.425|
Instr<17>      |RF_B<28>       |   11.894|
Instr<17>      |RF_B<29>       |   11.721|
Instr<17>      |RF_B<30>       |   12.172|
Instr<17>      |RF_B<31>       |   12.243|
Instr<18>      |RF_B<0>        |    9.852|
Instr<18>      |RF_B<1>        |    9.861|
Instr<18>      |RF_B<2>        |   10.053|
Instr<18>      |RF_B<3>        |    9.914|
Instr<18>      |RF_B<4>        |   10.426|
Instr<18>      |RF_B<5>        |   10.148|
Instr<18>      |RF_B<6>        |   10.450|
Instr<18>      |RF_B<7>        |   11.113|
Instr<18>      |RF_B<8>        |    9.919|
Instr<18>      |RF_B<9>        |   10.062|
Instr<18>      |RF_B<10>       |   10.408|
Instr<18>      |RF_B<11>       |    9.746|
Instr<18>      |RF_B<12>       |   10.008|
Instr<18>      |RF_B<13>       |   10.114|
Instr<18>      |RF_B<14>       |   10.393|
Instr<18>      |RF_B<15>       |   10.231|
Instr<18>      |RF_B<16>       |   10.423|
Instr<18>      |RF_B<17>       |   10.154|
Instr<18>      |RF_B<18>       |   10.154|
Instr<18>      |RF_B<19>       |   10.125|
Instr<18>      |RF_B<20>       |   10.478|
Instr<18>      |RF_B<21>       |   10.745|
Instr<18>      |RF_B<22>       |   10.778|
Instr<18>      |RF_B<23>       |   10.394|
Instr<18>      |RF_B<24>       |   11.946|
Instr<18>      |RF_B<25>       |   10.974|
Instr<18>      |RF_B<26>       |   11.250|
Instr<18>      |RF_B<27>       |   10.717|
Instr<18>      |RF_B<28>       |   10.003|
Instr<18>      |RF_B<29>       |   10.081|
Instr<18>      |RF_B<30>       |   10.305|
Instr<18>      |RF_B<31>       |    9.769|
Instr<19>      |RF_B<0>        |    9.342|
Instr<19>      |RF_B<1>        |    9.352|
Instr<19>      |RF_B<2>        |    9.285|
Instr<19>      |RF_B<3>        |    9.282|
Instr<19>      |RF_B<4>        |    9.664|
Instr<19>      |RF_B<5>        |    9.588|
Instr<19>      |RF_B<6>        |    9.269|
Instr<19>      |RF_B<7>        |   10.444|
Instr<19>      |RF_B<8>        |   10.059|
Instr<19>      |RF_B<9>        |    9.604|
Instr<19>      |RF_B<10>       |   10.050|
Instr<19>      |RF_B<11>       |   10.084|
Instr<19>      |RF_B<12>       |    9.428|
Instr<19>      |RF_B<13>       |   10.054|
Instr<19>      |RF_B<14>       |    9.678|
Instr<19>      |RF_B<15>       |    9.797|
Instr<19>      |RF_B<16>       |    9.881|
Instr<19>      |RF_B<17>       |    9.556|
Instr<19>      |RF_B<18>       |    9.534|
Instr<19>      |RF_B<19>       |    9.355|
Instr<19>      |RF_B<20>       |    9.834|
Instr<19>      |RF_B<21>       |    9.687|
Instr<19>      |RF_B<22>       |   10.077|
Instr<19>      |RF_B<23>       |    9.838|
Instr<19>      |RF_B<24>       |   11.139|
Instr<19>      |RF_B<25>       |   10.261|
Instr<19>      |RF_B<26>       |   10.113|
Instr<19>      |RF_B<27>       |   10.489|
Instr<19>      |RF_B<28>       |    9.613|
Instr<19>      |RF_B<29>       |    9.376|
Instr<19>      |RF_B<30>       |    9.837|
Instr<19>      |RF_B<31>       |    9.587|
Instr<20>      |RF_B<0>        |    9.619|
Instr<20>      |RF_B<1>        |    9.609|
Instr<20>      |RF_B<2>        |    9.560|
Instr<20>      |RF_B<3>        |    9.665|
Instr<20>      |RF_B<4>        |    9.869|
Instr<20>      |RF_B<5>        |    9.611|
Instr<20>      |RF_B<6>        |    9.503|
Instr<20>      |RF_B<7>        |   10.405|
Instr<20>      |RF_B<8>        |   10.006|
Instr<20>      |RF_B<9>        |    9.643|
Instr<20>      |RF_B<10>       |   10.100|
Instr<20>      |RF_B<11>       |    9.928|
Instr<20>      |RF_B<12>       |    9.901|
Instr<20>      |RF_B<13>       |    9.971|
Instr<20>      |RF_B<14>       |   10.002|
Instr<20>      |RF_B<15>       |   10.097|
Instr<20>      |RF_B<16>       |    9.996|
Instr<20>      |RF_B<17>       |    9.975|
Instr<20>      |RF_B<18>       |    9.806|
Instr<20>      |RF_B<19>       |    9.942|
Instr<20>      |RF_B<20>       |    9.752|
Instr<20>      |RF_B<21>       |    9.995|
Instr<20>      |RF_B<22>       |   10.077|
Instr<20>      |RF_B<23>       |    9.780|
Instr<20>      |RF_B<24>       |   11.559|
Instr<20>      |RF_B<25>       |   10.436|
Instr<20>      |RF_B<26>       |   10.683|
Instr<20>      |RF_B<27>       |   10.720|
Instr<20>      |RF_B<28>       |    9.887|
Instr<20>      |RF_B<29>       |    9.567|
Instr<20>      |RF_B<30>       |    9.934|
Instr<20>      |RF_B<31>       |    9.610|
Instr<21>      |RF_A<0>        |   10.718|
Instr<21>      |RF_A<1>        |   10.876|
Instr<21>      |RF_A<2>        |   11.034|
Instr<21>      |RF_A<3>        |   11.087|
Instr<21>      |RF_A<4>        |   12.913|
Instr<21>      |RF_A<5>        |   12.366|
Instr<21>      |RF_A<6>        |   12.801|
Instr<21>      |RF_A<7>        |   12.012|
Instr<21>      |RF_A<8>        |   11.458|
Instr<21>      |RF_A<9>        |   11.883|
Instr<21>      |RF_A<10>       |   12.678|
Instr<21>      |RF_A<11>       |   10.854|
Instr<21>      |RF_A<12>       |   10.986|
Instr<21>      |RF_A<13>       |   11.216|
Instr<21>      |RF_A<14>       |   11.310|
Instr<21>      |RF_A<15>       |   11.741|
Instr<21>      |RF_A<16>       |   11.047|
Instr<21>      |RF_A<17>       |   11.195|
Instr<21>      |RF_A<18>       |   10.859|
Instr<21>      |RF_A<19>       |   11.681|
Instr<21>      |RF_A<20>       |   12.290|
Instr<21>      |RF_A<21>       |   12.517|
Instr<21>      |RF_A<22>       |   12.137|
Instr<21>      |RF_A<23>       |   12.998|
Instr<21>      |RF_A<24>       |   11.103|
Instr<21>      |RF_A<25>       |   11.404|
Instr<21>      |RF_A<26>       |   11.236|
Instr<21>      |RF_A<27>       |   11.558|
Instr<21>      |RF_A<28>       |   11.515|
Instr<21>      |RF_A<29>       |   11.654|
Instr<21>      |RF_A<30>       |   11.987|
Instr<21>      |RF_A<31>       |   12.059|
Instr<22>      |RF_A<0>        |   12.449|
Instr<22>      |RF_A<1>        |   12.808|
Instr<22>      |RF_A<2>        |   13.056|
Instr<22>      |RF_A<3>        |   13.301|
Instr<22>      |RF_A<4>        |   13.301|
Instr<22>      |RF_A<5>        |   13.406|
Instr<22>      |RF_A<6>        |   13.192|
Instr<22>      |RF_A<7>        |   12.373|
Instr<22>      |RF_A<8>        |   11.423|
Instr<22>      |RF_A<9>        |   11.425|
Instr<22>      |RF_A<10>       |   11.700|
Instr<22>      |RF_A<11>       |   11.171|
Instr<22>      |RF_A<12>       |   11.174|
Instr<22>      |RF_A<13>       |   11.377|
Instr<22>      |RF_A<14>       |   10.758|
Instr<22>      |RF_A<15>       |   12.259|
Instr<22>      |RF_A<16>       |   10.529|
Instr<22>      |RF_A<17>       |   10.643|
Instr<22>      |RF_A<18>       |   10.499|
Instr<22>      |RF_A<19>       |   11.152|
Instr<22>      |RF_A<20>       |   12.395|
Instr<22>      |RF_A<21>       |   12.639|
Instr<22>      |RF_A<22>       |   12.334|
Instr<22>      |RF_A<23>       |   12.914|
Instr<22>      |RF_A<24>       |    9.953|
Instr<22>      |RF_A<25>       |   10.245|
Instr<22>      |RF_A<26>       |    9.953|
Instr<22>      |RF_A<27>       |   11.153|
Instr<22>      |RF_A<28>       |   12.358|
Instr<22>      |RF_A<29>       |   11.746|
Instr<22>      |RF_A<30>       |   12.314|
Instr<22>      |RF_A<31>       |   12.595|
Instr<23>      |RF_A<0>        |    9.115|
Instr<23>      |RF_A<1>        |    9.463|
Instr<23>      |RF_A<2>        |    9.847|
Instr<23>      |RF_A<3>        |    9.437|
Instr<23>      |RF_A<4>        |   10.296|
Instr<23>      |RF_A<5>        |   10.446|
Instr<23>      |RF_A<6>        |   10.490|
Instr<23>      |RF_A<7>        |    9.758|
Instr<23>      |RF_A<8>        |    9.432|
Instr<23>      |RF_A<9>        |    9.614|
Instr<23>      |RF_A<10>       |    9.577|
Instr<23>      |RF_A<11>       |    9.344|
Instr<23>      |RF_A<12>       |    8.925|
Instr<23>      |RF_A<13>       |    8.691|
Instr<23>      |RF_A<14>       |    9.000|
Instr<23>      |RF_A<15>       |    9.285|
Instr<23>      |RF_A<16>       |    9.280|
Instr<23>      |RF_A<17>       |    9.029|
Instr<23>      |RF_A<18>       |    8.877|
Instr<23>      |RF_A<19>       |    9.381|
Instr<23>      |RF_A<20>       |   10.077|
Instr<23>      |RF_A<21>       |   10.318|
Instr<23>      |RF_A<22>       |    9.868|
Instr<23>      |RF_A<23>       |   10.297|
Instr<23>      |RF_A<24>       |    9.465|
Instr<23>      |RF_A<25>       |    9.210|
Instr<23>      |RF_A<26>       |    9.591|
Instr<23>      |RF_A<27>       |    9.644|
Instr<23>      |RF_A<28>       |    9.645|
Instr<23>      |RF_A<29>       |    9.933|
Instr<23>      |RF_A<30>       |    9.754|
Instr<23>      |RF_A<31>       |    9.399|
Instr<24>      |RF_A<0>        |   10.912|
Instr<24>      |RF_A<1>        |   11.287|
Instr<24>      |RF_A<2>        |   11.627|
Instr<24>      |RF_A<3>        |   11.542|
Instr<24>      |RF_A<4>        |   11.977|
Instr<24>      |RF_A<5>        |   12.073|
Instr<24>      |RF_A<6>        |   11.932|
Instr<24>      |RF_A<7>        |   11.567|
Instr<24>      |RF_A<8>        |   10.888|
Instr<24>      |RF_A<9>        |   10.789|
Instr<24>      |RF_A<10>       |   11.206|
Instr<24>      |RF_A<11>       |   10.871|
Instr<24>      |RF_A<12>       |   10.256|
Instr<24>      |RF_A<13>       |   10.555|
Instr<24>      |RF_A<14>       |   10.099|
Instr<24>      |RF_A<15>       |   10.822|
Instr<24>      |RF_A<16>       |    9.898|
Instr<24>      |RF_A<17>       |    9.799|
Instr<24>      |RF_A<18>       |    9.904|
Instr<24>      |RF_A<19>       |   10.462|
Instr<24>      |RF_A<20>       |   11.929|
Instr<24>      |RF_A<21>       |   12.085|
Instr<24>      |RF_A<22>       |   11.806|
Instr<24>      |RF_A<23>       |   12.186|
Instr<24>      |RF_A<24>       |   10.594|
Instr<24>      |RF_A<25>       |   10.372|
Instr<24>      |RF_A<26>       |   10.476|
Instr<24>      |RF_A<27>       |   10.572|
Instr<24>      |RF_A<28>       |   11.664|
Instr<24>      |RF_A<29>       |   11.581|
Instr<24>      |RF_A<30>       |   11.154|
Instr<24>      |RF_A<31>       |   11.077|
Instr<25>      |RF_A<0>        |   10.374|
Instr<25>      |RF_A<1>        |   10.766|
Instr<25>      |RF_A<2>        |   11.098|
Instr<25>      |RF_A<3>        |   10.943|
Instr<25>      |RF_A<4>        |   11.515|
Instr<25>      |RF_A<5>        |   11.685|
Instr<25>      |RF_A<6>        |   11.515|
Instr<25>      |RF_A<7>        |   11.157|
Instr<25>      |RF_A<8>        |   10.634|
Instr<25>      |RF_A<9>        |   10.418|
Instr<25>      |RF_A<10>       |   10.404|
Instr<25>      |RF_A<11>       |   10.479|
Instr<25>      |RF_A<12>       |    9.881|
Instr<25>      |RF_A<13>       |   10.102|
Instr<25>      |RF_A<14>       |    9.747|
Instr<25>      |RF_A<15>       |   10.330|
Instr<25>      |RF_A<16>       |    9.541|
Instr<25>      |RF_A<17>       |    9.286|
Instr<25>      |RF_A<18>       |    9.269|
Instr<25>      |RF_A<19>       |    9.425|
Instr<25>      |RF_A<20>       |   11.408|
Instr<25>      |RF_A<21>       |   11.946|
Instr<25>      |RF_A<22>       |   11.252|
Instr<25>      |RF_A<23>       |   11.879|
Instr<25>      |RF_A<24>       |   10.363|
Instr<25>      |RF_A<25>       |   10.143|
Instr<25>      |RF_A<26>       |   10.345|
Instr<25>      |RF_A<27>       |   10.501|
Instr<25>      |RF_A<28>       |   11.162|
Instr<25>      |RF_A<29>       |   10.924|
Instr<25>      |RF_A<30>       |   10.727|
Instr<25>      |RF_A<31>       |   10.699|
RF_B_sel       |RF_B<0>        |   11.497|
RF_B_sel       |RF_B<1>        |   11.798|
RF_B_sel       |RF_B<2>        |   11.203|
RF_B_sel       |RF_B<3>        |   11.575|
RF_B_sel       |RF_B<4>        |   11.884|
RF_B_sel       |RF_B<5>        |   11.826|
RF_B_sel       |RF_B<6>        |   11.642|
RF_B_sel       |RF_B<7>        |   12.261|
RF_B_sel       |RF_B<8>        |   12.340|
RF_B_sel       |RF_B<9>        |   11.612|
RF_B_sel       |RF_B<10>       |   12.201|
RF_B_sel       |RF_B<11>       |   12.357|
RF_B_sel       |RF_B<12>       |   11.679|
RF_B_sel       |RF_B<13>       |   12.222|
RF_B_sel       |RF_B<14>       |   11.553|
RF_B_sel       |RF_B<15>       |   12.078|
RF_B_sel       |RF_B<16>       |   11.945|
RF_B_sel       |RF_B<17>       |   11.908|
RF_B_sel       |RF_B<18>       |   12.136|
RF_B_sel       |RF_B<19>       |   12.038|
RF_B_sel       |RF_B<20>       |   11.913|
RF_B_sel       |RF_B<21>       |   11.967|
RF_B_sel       |RF_B<22>       |   12.134|
RF_B_sel       |RF_B<23>       |   11.655|
RF_B_sel       |RF_B<24>       |   13.178|
RF_B_sel       |RF_B<25>       |   12.775|
RF_B_sel       |RF_B<26>       |   12.656|
RF_B_sel       |RF_B<27>       |   12.213|
RF_B_sel       |RF_B<28>       |   11.372|
RF_B_sel       |RF_B<29>       |   11.437|
RF_B_sel       |RF_B<30>       |   11.598|
RF_B_sel       |RF_B<31>       |   11.643|
---------------+---------------+---------+


Analysis completed Sat Mar 27 16:56:59 2021 
--------------------------------------------------------------------------------

Trace Settings:
-------------------------
Trace Settings 

Peak Memory Usage: 758 MB



